127.0.0.1 - - [04/Dec/2019:02:55:08 +0900] "GET / HTTP/1.1" 404 1074
0:0:0:0:0:0:0:1 - - [04/Dec/2019:02:55:08 +0900] "GET /servletbefore3/HelloServlet HTTP/1.1" 200 92
0:0:0:0:0:0:0:1 - - [04/Dec/2019:02:55:08 +0900] "GET /favicon.ico HTTP/1.1" 404 1085
127.0.0.1 - - [04/Dec/2019:03:02:24 +0900] "GET / HTTP/1.1" 404 1074
0:0:0:0:0:0:0:1 - - [04/Dec/2019:03:02:24 +0900] "GET /firstweb/LifeCycleServlet HTTP/1.1" 200 -
127.0.0.1 - - [04/Dec/2019:03:22:55 +0900] "GET / HTTP/1.1" 404 1074
0:0:0:0:0:0:0:1 - - [04/Dec/2019:03:22:56 +0900] "GET /firstweb/LifeCycleServlet HTTP/1.1" 200 233
127.0.0.1 - - [04/Dec/2019:03:25:03 +0900] "GET / HTTP/1.1" 404 1074
0:0:0:0:0:0:0:1 - - [04/Dec/2019:03:25:04 +0900] "GET /firstweb/LifeCycleServlet HTTP/1.1" 200 233
127.0.0.1 - - [04/Dec/2019:03:25:32 +0900] "GET / HTTP/1.1" 404 1074
0:0:0:0:0:0:0:1 - - [04/Dec/2019:03:25:32 +0900] "GET /firstweb/LifeCycleServlet HTTP/1.1" 200 233
127.0.0.1 - - [04/Dec/2019:03:29:03 +0900] "GET / HTTP/1.1" 404 1074
0:0:0:0:0:0:0:1 - - [04/Dec/2019:03:29:03 +0900] "GET /firstweb/LifeCycleServlet HTTP/1.1" 200 229
0:0:0:0:0:0:0:1 - - [04/Dec/2019:03:29:27 +0900] "GET /firstweb/LifeCycleServlet HTTP/1.1" 200 229
127.0.0.1 - - [04/Dec/2019:03:30:16 +0900] "GET / HTTP/1.1" 404 1074
0:0:0:0:0:0:0:1 - - [04/Dec/2019:03:30:16 +0900] "GET /firstweb/LifeCycleServlet HTTP/1.1" 200 229
127.0.0.1 - - [04/Dec/2019:03:30:58 +0900] "GET / HTTP/1.1" 404 1074
0:0:0:0:0:0:0:1 - - [04/Dec/2019:03:30:59 +0900] "GET /firstweb/LifeCycleServlet HTTP/1.1" 404 1103
127.0.0.1 - - [04/Dec/2019:03:31:24 +0900] "GET / HTTP/1.1" 404 1074
0:0:0:0:0:0:0:1 - - [04/Dec/2019:03:31:25 +0900] "GET /firstweb/LifecycleServlet HTTP/1.1" 200 229
127.0.0.1 - - [04/Dec/2019:03:31:56 +0900] "GET / HTTP/1.1" 404 1074
0:0:0:0:0:0:0:1 - - [04/Dec/2019:03:31:57 +0900] "GET /firstweb/LifecycleServlet HTTP/1.1" 200 229
127.0.0.1 - - [04/Dec/2019:03:34:19 +0900] "GET / HTTP/1.1" 404 1074
0:0:0:0:0:0:0:1 - - [04/Dec/2019:03:34:20 +0900] "GET /firstweb/LifecycleServlet HTTP/1.1" 200 214
127.0.0.1 - - [04/Dec/2019:03:35:04 +0900] "GET / HTTP/1.1" 404 1074
0:0:0:0:0:0:0:1 - - [04/Dec/2019:03:35:04 +0900] "GET /firstweb/LifecycleServlet HTTP/1.1" 200 229
0:0:0:0:0:0:0:1 - - [04/Dec/2019:03:36:13 +0900] "POST /firstweb/LifecycleServlet HTTP/1.1" 200 14
127.0.0.1 - - [04/Dec/2019:04:00:00 +0900] "GET / HTTP/1.1" 404 1074
0:0:0:0:0:0:0:1 - - [04/Dec/2019:04:00:01 +0900] "GET /firstweb/ReadHeaderServlet HTTP/1.1" 200 464
127.0.0.1 - - [04/Dec/2019:04:11:53 +0900] "GET / HTTP/1.1" 404 1074
0:0:0:0:0:0:0:1 - - [04/Dec/2019:04:11:54 +0900] "GET /firstweb/ParamServlet HTTP/1.1" 200 25
0:0:0:0:0:0:0:1 - - [04/Dec/2019:04:12:07 +0900] "GET /firstweb/ParamServlet?name=youjin&email=estele.choi HTTP/1.1" 200 34
127.0.0.1 - - [04/Dec/2019:04:19:35 +0900] "GET / HTTP/1.1" 404 1074
0:0:0:0:0:0:0:1 - - [04/Dec/2019:04:19:35 +0900] "GET /firstweb/TestServlet HTTP/1.1" 200 185
127.0.0.1 - - [04/Dec/2019:05:52:21 +0900] "GET / HTTP/1.1" 404 1074
0:0:0:0:0:0:0:1 - - [04/Dec/2019:05:52:22 +0900] "GET /javascript/operator.jsp HTTP/1.1" 200 269
127.0.0.1 - - [04/Dec/2019:05:54:16 +0900] "GET / HTTP/1.1" 404 1074
0:0:0:0:0:0:0:1 - - [04/Dec/2019:05:54:16 +0900] "GET /javascript/operator.jsp HTTP/1.1" 200 335
127.0.0.1 - - [04/Dec/2019:05:56:10 +0900] "GET / HTTP/1.1" 404 1074
0:0:0:0:0:0:0:1 - - [04/Dec/2019:05:56:11 +0900] "GET /javascript/operator.jsp HTTP/1.1" 200 502
127.0.0.1 - - [04/Dec/2019:05:57:29 +0900] "GET / HTTP/1.1" 404 1074
0:0:0:0:0:0:0:1 - - [04/Dec/2019:05:57:30 +0900] "GET /javascript/operator.jsp HTTP/1.1" 200 523
127.0.0.1 - - [04/Dec/2019:05:57:57 +0900] "GET / HTTP/1.1" 404 1074
0:0:0:0:0:0:0:1 - - [04/Dec/2019:05:57:58 +0900] "GET /javascript/operator.jsp HTTP/1.1" 200 522
127.0.0.1 - - [04/Dec/2019:06:03:52 +0900] "GET / HTTP/1.1" 404 1074
0:0:0:0:0:0:0:1 - - [04/Dec/2019:06:03:53 +0900] "GET /javascript/operator.jsp HTTP/1.1" 200 1392
0:0:0:0:0:0:0:1 - - [04/Dec/2019:06:04:33 +0900] "GET /javascript/operator.jsp HTTP/1.1" 200 1392
127.0.0.1 - - [04/Dec/2019:06:26:09 +0900] "GET / HTTP/1.1" 404 1074
0:0:0:0:0:0:0:1 - - [04/Dec/2019:06:26:09 +0900] "GET /javascript/string.jsp HTTP/1.1" 200 427
127.0.0.1 - - [04/Dec/2019:06:28:43 +0900] "GET / HTTP/1.1" 404 1074
0:0:0:0:0:0:0:1 - - [04/Dec/2019:06:28:44 +0900] "GET /javascript/string.jsp HTTP/1.1" 200 542
0:0:0:0:0:0:0:1 - - [04/Dec/2019:06:28:56 +0900] "GET /javascript/string.jsp HTTP/1.1" 200 542
127.0.0.1 - - [04/Dec/2019:07:13:20 +0900] "GET / HTTP/1.1" 404 1074
127.0.0.1 - - [04/Dec/2019:07:14:44 +0900] "GET / HTTP/1.1" 404 1074
0:0:0:0:0:0:0:1 - - [04/Dec/2019:07:14:45 +0900] "GET /javascript/callStack.jsp HTTP/1.1" 200 418
127.0.0.1 - - [04/Dec/2019:07:15:37 +0900] "GET / HTTP/1.1" 404 1074
0:0:0:0:0:0:0:1 - - [04/Dec/2019:07:15:38 +0900] "GET /javascript/callStack.jsp HTTP/1.1" 200 414
127.0.0.1 - - [04/Dec/2019:07:20:51 +0900] "GET / HTTP/1.1" 404 1074
0:0:0:0:0:0:0:1 - - [04/Dec/2019:07:20:52 +0900] "GET /javascript/callStack.jsp HTTP/1.1" 200 517
0:0:0:0:0:0:0:1 - - [04/Dec/2019:07:21:02 +0900] "GET /javascript/callStack.jsp HTTP/1.1" 200 517
127.0.0.1 - - [04/Dec/2019:07:21:35 +0900] "GET / HTTP/1.1" 404 1074
0:0:0:0:0:0:0:1 - - [04/Dec/2019:07:21:36 +0900] "GET /javascript/callStack.jsp HTTP/1.1" 200 520
127.0.0.1 - - [04/Dec/2019:16:14:36 +0900] "GET / HTTP/1.1" 404 1074
0:0:0:0:0:0:0:1 - - [04/Dec/2019:16:14:38 +0900] "GET /javascript/addEventListener.jsp HTTP/1.1" 200 286
127.0.0.1 - - [04/Dec/2019:16:15:06 +0900] "GET / HTTP/1.1" 404 1074
0:0:0:0:0:0:0:1 - - [04/Dec/2019:16:15:06 +0900] "GET /javascript/addEventListener.jsp HTTP/1.1" 200 288
127.0.0.1 - - [04/Dec/2019:16:16:55 +0900] "GET / HTTP/1.1" 404 1074
0:0:0:0:0:0:0:1 - - [04/Dec/2019:16:16:56 +0900] "GET /javascript/addEventListener.jsp HTTP/1.1" 200 377
127.0.0.1 - - [04/Dec/2019:16:19:14 +0900] "GET / HTTP/1.1" 404 1074
0:0:0:0:0:0:0:1 - - [04/Dec/2019:16:19:15 +0900] "GET /javascript/addEventListener.jsp HTTP/1.1" 200 437
127.0.0.1 - - [04/Dec/2019:17:21:30 +0900] "GET / HTTP/1.1" 404 1074
0:0:0:0:0:0:0:1 - - [04/Dec/2019:17:21:31 +0900] "GET /javascript/ajaxTest.jsp HTTP/1.1" 200 571
0:0:0:0:0:0:0:1 - - [04/Dec/2019:17:21:31 +0900] "GET /javascript/json.txt HTTP/1.1" 404 1097
127.0.0.1 - - [04/Dec/2019:17:50:48 +0900] "GET / HTTP/1.1" 404 1074
0:0:0:0:0:0:0:1 - - [04/Dec/2019:17:50:49 +0900] "GET /firstweb/test.jsp HTTP/1.1" 200 128
127.0.0.1 - - [04/Dec/2019:18:14:21 +0900] "GET / HTTP/1.1" 404 1074
0:0:0:0:0:0:0:1 - - [04/Dec/2019:18:14:22 +0900] "GET /firstweb/lifecycle.jsp HTTP/1.1" 200 135
0:0:0:0:0:0:0:1 - - [04/Dec/2019:18:14:49 +0900] "GET /firstweb/lifecycle.jsp HTTP/1.1" 200 135
0:0:0:0:0:0:0:1 - - [04/Dec/2019:18:14:49 +0900] "GET /firstweb/lifecycle.jsp HTTP/1.1" 200 135
127.0.0.1 - - [04/Dec/2019:18:22:58 +0900] "GET / HTTP/1.1" 404 1074
0:0:0:0:0:0:0:1 - - [04/Dec/2019:18:22:58 +0900] "GET /firstweb/lifecycle.jsp HTTP/1.1" 200 324
0:0:0:0:0:0:0:1 - - [04/Dec/2019:18:23:05 +0900] "GET /firstweb/lifecycle.jsp HTTP/1.1" 200 324
0:0:0:0:0:0:0:1 - - [04/Dec/2019:18:23:06 +0900] "GET /firstweb/lifecycle.jsp HTTP/1.1" 200 324
127.0.0.1 - - [04/Dec/2019:18:24:00 +0900] "GET / HTTP/1.1" 404 1074
0:0:0:0:0:0:0:1 - - [04/Dec/2019:18:24:01 +0900] "GET /firstweb/lifecycle.jsp HTTP/1.1" 200 324
127.0.0.1 - - [04/Dec/2019:18:32:41 +0900] "GET / HTTP/1.1" 404 1074
0:0:0:0:0:0:0:1 - - [04/Dec/2019:18:32:42 +0900] "GET /firstweb/declaration.jsp HTTP/1.1" 200 174
127.0.0.1 - - [04/Dec/2019:18:37:42 +0900] "GET / HTTP/1.1" 404 1074
0:0:0:0:0:0:0:1 - - [04/Dec/2019:18:37:43 +0900] "GET /firstweb/Scriptlet.jsp HTTP/1.1" 200 183
127.0.0.1 - - [04/Dec/2019:22:00:17 +0900] "GET / HTTP/1.1" 404 1074
0:0:0:0:0:0:0:1 - - [04/Dec/2019:22:00:18 +0900] "GET /firstweb/Front HTTP/1.1" 200 105
127.0.0.1 - - [04/Dec/2019:22:18:56 +0900] "GET / HTTP/1.1" 404 1074
0:0:0:0:0:0:0:1 - - [04/Dec/2019:22:18:57 +0900] "GET /firstweb/LogicServlet HTTP/1.1" 200 136
